// Jest Snapshot v1, https://goo.gl/fbAQLP

exports[`renders homepage unchanged 1`] = `
<div>
  <div>
    <ul>
      <li>
        <a
          href=""
        >
          Linkedin
        </a>
      </li>
      <li>
        <a
          href=""
        >
          Intagram
        </a>
      </li>
      <li>
        <a
          href=""
        >
          Facebook
        </a>
      </li>
    </ul>
  </div>
</div>
`;
